============================= test session starts =============================
platform win32 -- Python 3.14.0, pytest-9.0.1, pluggy-1.6.0 -- C:\tmp\antigravity-online-interview-fastapi-docker-hw2\backend\.venv\Scripts\python.exe
cachedir: .pytest_cache
rootdir: C:\tmp\antigravity-online-interview-fastapi-docker-hw2\backend
configfile: pyproject.toml
plugins: anyio-4.12.0
collecting ... collected 0 items / 2 errors

=================================== ERRORS ====================================
______________________ ERROR collecting test_output.txt _______________________
C:\Python314\Lib\pathlib\__init__.py:793: in read_text
    return f.read()
           ^^^^^^^^
<frozen codecs>:325: in decode
    ???
E   UnicodeDecodeError: 'utf-8' codec can't decode byte 0xff in position 0: invalid start byte
_________________ ERROR collecting tests/test_integration.py __________________
ImportError while importing test module 'C:\tmp\antigravity-online-interview-fastapi-docker-hw2\backend\tests\test_integration.py'.
Hint: make sure your test modules/packages have valid Python names.
Traceback:
.venv\Lib\site-packages\_pytest\python.py:507: in importtestmodule
    mod = import_path(
.venv\Lib\site-packages\_pytest\pathlib.py:587: in import_path
    importlib.import_module(module_name)
C:\Python314\Lib\importlib\__init__.py:88: in import_module
    return _bootstrap._gcd_import(name[level:], package, level)
           ^^^^^^^^^^^^^^^^^^^^^^^^^^^^^^^^^^^^^^^^^^^^^^^^^^^^
<frozen importlib._bootstrap>:1398: in _gcd_import
    ???
<frozen importlib._bootstrap>:1371: in _find_and_load
    ???
<frozen importlib._bootstrap>:1342: in _find_and_load_unlocked
    ???
<frozen importlib._bootstrap>:938: in _load_unlocked
    ???
.venv\Lib\site-packages\_pytest\assertion\rewrite.py:197: in exec_module
    exec(co, module.__dict__)
tests\test_integration.py:3: in <module>
    from main import app
E   ModuleNotFoundError: No module named 'main'
=========================== short test summary info ===========================
ERROR test_output.txt - UnicodeDecodeError: 'utf-8' codec can't decode byte 0xff in position 0: invalid start byte
ERROR tests/test_integration.py
!!!!!!!!!!!!!!!!!!! Interrupted: 2 errors during collection !!!!!!!!!!!!!!!!!!!
============================== 2 errors in 0.54s ==============================
